[13:35:08] [main/INFO]: Loading Minecraft 1.20.1 with Fabric Loader 0.18.4
[13:35:08] [main/INFO]: Loading 80 mods:
	- axiom 5.4.2
	   |-- com_moulberry_axiomclientapi 1.0.25
	   |-- com_moulberry_mixinconstraints 1.0.9
	   \-- lattice 1.3.0
	- cloth-config 11.1.136
	   \-- cloth-basic-math 0.6.1
	- coins 0.1.0+1.20.1
	- fabric-api 0.92.8+1.20.1
	   |-- fabric-api-base 0.4.32+1802ada577
	   |-- fabric-api-lookup-api-v1 1.6.37+1802ada577
	   |-- fabric-biome-api-v1 13.0.15+93aa238b77
	   |-- fabric-block-api-v1 1.0.12+1802ada577
	   |-- fabric-block-view-api-v2 1.0.3+924f046a77
	   |-- fabric-blockrenderlayer-v1 1.1.42+1802ada577
	   |-- fabric-client-tags-api-v1 1.1.3+1802ada577
	   |-- fabric-command-api-v1 1.2.35+f71b366f77
	   |-- fabric-command-api-v2 2.2.14+1802ada577
	   |-- fabric-commands-v0 0.2.52+df3654b377
	   |-- fabric-containers-v0 0.1.67+df3654b377
	   |-- fabric-content-registries-v0 4.0.13+1802ada577
	   |-- fabric-convention-tags-v1 1.5.6+1802ada577
	   |-- fabric-crash-report-info-v1 0.2.20+1802ada577
	   |-- fabric-data-attachment-api-v1 1.0.2+de0fd6d177
	   |-- fabric-data-generation-api-v1 12.3.8+1802ada577
	   |-- fabric-dimensions-v1 2.1.55+1802ada577
	   |-- fabric-entity-events-v1 1.6.1+1c78457f77
	   |-- fabric-events-interaction-v0 0.6.5+13a40c6677
	   |-- fabric-events-lifecycle-v0 0.2.64+df3654b377
	   |-- fabric-game-rule-api-v1 1.0.41+1802ada577
	   |-- fabric-item-api-v1 2.1.29+1802ada577
	   |-- fabric-item-group-api-v1 4.0.14+1802ada577
	   |-- fabric-key-binding-api-v1 1.0.38+1802ada577
	   |-- fabric-keybindings-v0 0.2.36+df3654b377
	   |-- fabric-lifecycle-events-v1 2.2.23+1802ada577
	   |-- fabric-loot-api-v2 1.2.3+1802ada577
	   |-- fabric-loot-tables-v1 1.1.47+9e7660c677
	   |-- fabric-message-api-v1 5.1.10+1802ada577
	   |-- fabric-mining-level-api-v1 2.1.52+1802ada577
	   |-- fabric-model-loading-api-v1 1.0.4+1802ada577
	   |-- fabric-models-v0 0.4.3+9386d8a777
	   |-- fabric-networking-api-v1 1.3.14+a158aa0477
	   |-- fabric-networking-v0 0.3.54+df3654b377
	   |-- fabric-object-builder-api-v1 11.1.5+e35120df77
	   |-- fabric-particles-v1 1.1.3+1802ada577
	   |-- fabric-recipe-api-v1 1.0.24+1802ada577
	   |-- fabric-registry-sync-v0 2.4.0+4c0a70e677
	   |-- fabric-renderer-api-v1 3.2.2+1802ada577
	   |-- fabric-renderer-indigo 1.5.3+85287f9f77
	   |-- fabric-renderer-registries-v1 3.2.47+df3654b377
	   |-- fabric-rendering-data-attachment-v1 0.3.39+92a0d36777
	   |-- fabric-rendering-fluids-v1 3.0.29+1802ada577
	   |-- fabric-rendering-v0 1.1.50+df3654b377
	   |-- fabric-rendering-v1 3.0.9+1802ada577
	   |-- fabric-resource-conditions-api-v1 2.3.9+1802ada577
	   |-- fabric-resource-loader-v0 0.11.12+fb82e9d777
	   |-- fabric-screen-api-v1 2.0.9+1802ada577
	   |-- fabric-screen-handler-api-v1 1.3.33+1802ada577
	   |-- fabric-sound-api-v1 1.0.14+1802ada577
	   |-- fabric-transfer-api-v1 3.3.6+8dd72ea377
	   \-- fabric-transitive-access-wideners-v1 4.3.2+1802ada577
	- fabricloader 0.18.4
	   \-- mixinextras 0.5.0
	- flashback 0.11.0
	   \-- mixinsquared 0.2.0
	- forgeconfigapiport 8.0.3
	- java 17
	- minecraft 1.20.1
	- modernui 3.12.0.1
	   \-- org_commonmark_commonmark 0.25.0
	- modmenu 7.2.2
	- tacz 0.7.0-forge1.1.8-hotfix
	   |-- cardinal-components-base 5.2.3
	   |-- cardinal-components-entity 5.2.3
	   |-- com_github_figuramc_luaj_luaj-core 3.0.8-figura
	   |-- com_github_figuramc_luaj_luaj-jse 3.0.8-figura
	   |-- mkb 1.2.0
	   |-- org_apache_bcel_bcel 6.6.1
	   |-- org_apache_commons_commons-math3 3.6.1
	   \-- simplebedrockmodel 2.3.0.1+mc1.20.1
	        \-- com_maydaymemory_mae 1.1.1
[13:35:08] [main/INFO]: SpongePowered MIXIN Subsystem Version=0.8.7 Source=file:/C:/Users/User/AppData/Roaming/ModrinthApp/meta/libraries/net/fabricmc/sponge-mixin/0.17.0+mixin.0.8.7/sponge-mixin-0.17.0+mixin.0.8.7.jar Service=Knot/Fabric Env=CLIENT
[13:35:09] [main/INFO]: Compatibility level set to JAVA_17
[13:35:09] [main/INFO]: Loading Mixin Plugin for Axiom/5.4.2
[13:35:10] [main/WARN]: Error loading class: net/caffeinemc/mods/sodium/client/render/SodiumWorldRenderer (java.lang.ClassNotFoundException: net/caffeinemc/mods/sodium/client/render/SodiumWorldRenderer)
[13:35:10] [main/WARN]: Error loading class: me/jellysquid/mods/sodium/client/render/SodiumWorldRenderer (java.lang.ClassNotFoundException: me/jellysquid/mods/sodium/client/render/SodiumWorldRenderer)
[13:35:10] [main/WARN]: Error loading class: de/johni0702/minecraft/bobby/FakeChunkManager (java.lang.ClassNotFoundException: de/johni0702/minecraft/bobby/FakeChunkManager)
[13:35:10] [main/WARN]: Error loading class: de/johni0702/minecraft/bobby/Bobby (java.lang.ClassNotFoundException: de/johni0702/minecraft/bobby/Bobby)
[13:35:10] [main/WARN]: Error loading class: net/irisshaders/iris/uniforms/SystemTimeUniforms$Timer (java.lang.ClassNotFoundException: net/irisshaders/iris/uniforms/SystemTimeUniforms$Timer)
[13:35:10] [main/WARN]: Error loading class: com/replaymod/recording/ReplayModRecording (java.lang.ClassNotFoundException: com/replaymod/recording/ReplayModRecording)
[13:35:10] [main/WARN]: Error loading class: de/maxhenkel/voicechat/voice/client/speaker/ALSpeakerBase (java.lang.ClassNotFoundException: de/maxhenkel/voicechat/voice/client/speaker/ALSpeakerBase)
[13:35:10] [main/WARN]: Error loading class: de/maxhenkel/voicechat/voice/client/ClientVoicechat (java.lang.ClassNotFoundException: de/maxhenkel/voicechat/voice/client/ClientVoicechat)
[13:35:10] [main/WARN]: Error loading class: de/maxhenkel/voicechat/voice/client/RenderEvents (java.lang.ClassNotFoundException: de/maxhenkel/voicechat/voice/client/RenderEvents)
[13:35:10] [main/WARN]: Error loading class: de/maxhenkel/voicechat/voice/client/SoundManager (java.lang.ClassNotFoundException: de/maxhenkel/voicechat/voice/client/SoundManager)
[13:35:10] [main/INFO]: Initializing MixinExtras via com.llamalad7.mixinextras.service.MixinExtrasServiceImpl(version=0.5.0).
[13:35:14] [Datafixer Bootstrap/INFO]: 188 Datafixer optimizations took 151 milliseconds
[13:35:16] [Render thread/INFO]: Environment: authHost='https://authserver.mojang.com', accountsHost='https://api.mojang.com', sessionHost='https://sessionserver.mojang.com', servicesHost='https://api.minecraftservices.com', name='PROD'
[13:35:17] [Render thread/INFO]: Setting user: cccneon
[13:35:17] [Render thread/INFO]: Initializing Axiom/5.4.2
[13:35:18] [Render thread/INFO]: Registering Item Groups for coins
[13:35:18] [Render thread/INFO]: Registering Mod Items for coins
[13:35:18] [Render thread/WARN]: Signature is missing
[13:35:18] [ForkJoinPool.commonPool-worker-1/INFO]: [STDERR]: java.net.SocketException: Permission denied: getsockopt
[13:35:18] [ForkJoinPool.commonPool-worker-1/INFO]: [STDERR]: 	at java.base/sun.nio.ch.Net.pollConnect(Native Method)
[13:35:18] [ForkJoinPool.commonPool-worker-1/INFO]: [STDERR]: 	at java.base/sun.nio.ch.Net.pollConnectNow(Unknown Source)
[13:35:18] [ForkJoinPool.commonPool-worker-1/INFO]: [STDERR]: 	at java.base/sun.nio.ch.NioSocketImpl.timedFinishConnect(Unknown Source)
[13:35:18] [ForkJoinPool.commonPool-worker-1/INFO]: [STDERR]: 	at java.base/sun.nio.ch.NioSocketImpl.connect(Unknown Source)
[13:35:18] [ForkJoinPool.commonPool-worker-1/INFO]: [STDERR]: 	at java.base/java.net.SocksSocketImpl.connect(Unknown Source)
[13:35:18] [ForkJoinPool.commonPool-worker-1/INFO]: [STDERR]: 	at java.base/java.net.Socket.connect(Unknown Source)
[13:35:18] [ForkJoinPool.commonPool-worker-1/INFO]: [STDERR]: 	at java.base/sun.security.ssl.SSLSocketImpl.connect(Unknown Source)
[13:35:18] [ForkJoinPool.commonPool-worker-1/INFO]: [STDERR]: 	at java.base/sun.net.NetworkClient.doConnect(Unknown Source)
[13:35:18] [ForkJoinPool.commonPool-worker-1/INFO]: [STDERR]: 	at java.base/sun.net.www.http.HttpClient.openServer(Unknown Source)
[13:35:18] [ForkJoinPool.commonPool-worker-1/INFO]: [STDERR]: 	at java.base/sun.net.www.http.HttpClient.openServer(Unknown Source)
[13:35:18] [ForkJoinPool.commonPool-worker-1/INFO]: [STDERR]: 	at java.base/sun.net.www.protocol.https.HttpsClient.<init>(Unknown Source)
[13:35:18] [ForkJoinPool.commonPool-worker-1/INFO]: [STDERR]: 	at java.base/sun.net.www.protocol.https.HttpsClient.New(Unknown Source)
[13:35:18] [ForkJoinPool.commonPool-worker-1/INFO]: [STDERR]: 	at java.base/sun.net.www.protocol.https.AbstractDelegateHttpsURLConnection.getNewHttpClient(Unknown Source)
[13:35:18] [ForkJoinPool.commonPool-worker-1/INFO]: [STDERR]: 	at java.base/sun.net.www.protocol.http.HttpURLConnection.plainConnect0(Unknown Source)
[13:35:18] [ForkJoinPool.commonPool-worker-1/INFO]: [STDERR]: 	at java.base/sun.net.www.protocol.http.HttpURLConnection.plainConnect(Unknown Source)
[13:35:18] [ForkJoinPool.commonPool-worker-1/INFO]: [STDERR]: 	at java.base/sun.net.www.protocol.https.AbstractDelegateHttpsURLConnection.connect(Unknown Source)
[13:35:18] [ForkJoinPool.commonPool-worker-1/INFO]: [STDERR]: 	at java.base/sun.net.www.protocol.http.HttpURLConnection.getInputStream0(Unknown Source)
[13:35:18] [ForkJoinPool.commonPool-worker-1/INFO]: [STDERR]: 	at java.base/sun.net.www.protocol.http.HttpURLConnection.getInputStream(Unknown Source)
[13:35:18] [ForkJoinPool.commonPool-worker-1/INFO]: [STDERR]: 	at java.base/java.net.HttpURLConnection.getResponseCode(Unknown Source)
[13:35:18] [ForkJoinPool.commonPool-worker-1/INFO]: [STDERR]: 	at java.base/sun.net.www.protocol.https.HttpsURLConnectionImpl.getResponseCode(Unknown Source)
[13:35:18] [ForkJoinPool.commonPool-worker-1/INFO]: [STDERR]: 	at knot//com.moulberry.axi?m.utils.Authorization.lambda$checkCommercial$1(Authorization.java:131)
[13:35:18] [ForkJoinPool.commonPool-worker-1/INFO]: [STDERR]: 	at java.base/java.util.concurrent.ForkJoinTask$AdaptedRunnableAction.exec(Unknown Source)
[13:35:18] [ForkJoinPool.commonPool-worker-1/INFO]: [STDERR]: 	at java.base/java.util.concurrent.ForkJoinTask.doExec(Unknown Source)
[13:35:18] [ForkJoinPool.commonPool-worker-1/INFO]: [STDERR]: 	at java.base/java.util.concurrent.ForkJoinPool$WorkQueue.topLevelExec(Unknown Source)
[13:35:18] [ForkJoinPool.commonPool-worker-1/INFO]: [STDERR]: 	at java.base/java.util.concurrent.ForkJoinPool.scan(Unknown Source)
[13:35:18] [ForkJoinPool.commonPool-worker-1/INFO]: [STDERR]: 	at java.base/java.util.concurrent.ForkJoinPool.runWorker(Unknown Source)
[13:35:18] [ForkJoinPool.commonPool-worker-1/INFO]: [STDERR]: 	at java.base/java.util.concurrent.ForkJoinWorkerThread.run(Unknown Source)
[13:35:18] [Render thread/INFO]: Modern UI common config loaded/reloaded
[13:35:18] [Render thread/INFO]: Initialized Modern UI
[13:35:18] [Render thread/INFO]: Registered synced data key tacz:shoot_cool_down for minecraft:living_entity
[13:35:18] [Render thread/INFO]: Registered synced data key tacz:melee_cool_down for minecraft:living_entity
[13:35:18] [Render thread/INFO]: Registered synced data key tacz:reload_state for minecraft:living_entity
[13:35:18] [Render thread/INFO]: Registered synced data key tacz:aiming_progress for minecraft:living_entity
[13:35:18] [Render thread/INFO]: Registered synced data key tacz:draw_cool_down for minecraft:living_entity
[13:35:18] [Render thread/INFO]: Registered synced data key tacz:is_aiming for minecraft:living_entity
[13:35:18] [Render thread/INFO]: Registered synced data key tacz:sprint_time for minecraft:living_entity
[13:35:18] [Render thread/INFO]: Registered synced data key tacz:is_bolting for minecraft:living_entity
[13:35:18] [Render thread/INFO]: Registered synced data key tacz:throwable_using for minecraft:living_entity
[13:35:18] [Render thread/ERROR]: No data fixer registered for target_minecart
[13:35:19] [Render thread/INFO]: [Indigo] Registering Indigo renderer!
[13:35:19] [Render thread/INFO]: Deleting stale temp folder server\9bc3c9cd-8c2b-43d1-a539-d3248d82280d
[13:35:19] [Render thread/INFO]: Registered Flashback as a TACZ recording-compat provider
[13:35:19] [Render thread/INFO]: Modern UI client config loaded/reloaded
[13:35:19] [Render thread/INFO]: Modern UI text config loaded/reloaded
[13:35:19] [Render thread/INFO]: Created TextLayoutEngine
[13:35:19] [Render thread/INFO]: Created MuiFabricApi
[13:35:19] [Render thread/INFO]: Initialized Modern UI text engine
[13:35:19] [Render thread/INFO]: Initialized Modern UI client
[13:35:19] [Worker-Main-1/INFO]: Checking mod updates...
[13:35:19] [Render thread/INFO]: Backend library: LWJGL version 3.3.1 SNAPSHOT
[13:35:20] [Render thread/INFO]: Promoted to OpenGL 4.6 Core Profile
[13:35:20] [Render thread/INFO]: Identified OpenGL vendor: NVIDIA
[13:35:20] [Render thread/INFO]: Identified OpenGL driver: NVIDIA
[13:35:20] [Render thread/INFO]: Using OpenGL 4.6 and GLSL 4.50
[13:35:20] [Render thread/INFO]: Use NV_conservative_raster
[13:35:20] [Render thread/INFO]: Use NV_blend_equation_advanced_coherent
[13:35:20] [Render thread/INFO]: OpenGL vendor: NVIDIA Corporation
[13:35:20] [Render thread/INFO]: OpenGL renderer: NVIDIA GeForce RTX 3060/PCIe/SSE2
[13:35:20] [Render thread/INFO]: OpenGL version: 4.6.0 NVIDIA 576.52
[13:35:20] [Render thread/INFO]: OpenGL caps:
AnisotropySupport: true
GpuTracingSupport: false
ConservativeRasterSupport: true
TextureBarrierSupport: true
DepthClipNegativeOneToOne: true
BlendEquationSupport: ADVANCED_COHERENT
ClampToBorderSupport: true
MaxRenderTargetSize: 32768
MaxPreferredRenderTargetSize: 32768
MaxVertexAttributes: 16
MaxVertexBindings: 16
MaxTextureSize: 32768
MaxPushConstantsSize: 0
MaxColorAttachments: 8
MinUniformBufferOffsetAlignment: 256
MinStorageBufferOffsetAlignment: 16
ShaderCaps:
	TargetAPI: OPENGL_4_5
	GLSLVersion: GLSL_450
	SPIRVVersion: null
	FMASupport: true
	DualSourceBlendingSupport: true
	PreferFlatInterpolation: true
	VertexIDSupport: true
	InfinitySupport: true
	NonConstantArrayIndexSupport: true
	BitManipulationSupport: true
	NoPerspectiveInterpolationSupport: true
	ReducedShaderMode: false
	TextureQueryLod: true
	UseUniformBinding: true
	UseVaryingLocation: true
	UseBlockMemberOffset: true
	UsePrecisionModifiers: false
	RequiresLocalOutputColorForFBFetch: false
	MustObfuscateUniformColor: false
	MustWriteToFragColor: false
	ColorSpaceMathNeedsFloat: false
	AvoidDfDxForGradientsWhenPossible: false
	SecondaryOutputExtension: null
	AdvBlendEqInteraction: 1
	MaxFragmentSamplers: 32
Vendor: NVIDIA
Driver: NVIDIA
MaxFragmentUniformVectors: 1024
MaxTextureMaxAnisotropy: 16.0
SupportsProtected: false
SkipErrorChecks: true
MaxLabelLength: 256
DebugSupport: true
BufferStorageSupport: true
DrawElementsBaseVertexSupport: true
BaseInstanceSupport: true
DSASupport: true
InvalidateBufferType: 2
InvalidateFramebufferSupport: true
VertexAttribBindingSupport: true
CopyImageSupport: true
SPIRVSupport: false
ViewCompatibilityClassSupport: true
TexStorageSupport: true
ProgramBinarySupport: true
ProgramBinaryFormats: [36385]
GLSLVersion: 460
ColorTypeToBackendFormat:
	UNKNOWN=>GLenum [0x0]
	BGR_565=>RGB565
	R_8=>R8
	RG_88=>RG8
	RGB_888=>RGB8
	RGBX_8888=>GLenum [0x0]
	RGBA_8888=>RGBA8
	BGRA_8888=>RGBA8
	RGBA_8888_SRGB=>SRGB8_ALPHA8
	RGBA_1010102=>RGB10_A2
	BGRA_1010102=>RGB10_A2
	R_16=>GLenum [0x0]
	R_F16=>GLenum [0x0]
	RG_1616=>RG16
	RG_F16=>RG16F
	RGBA_16161616=>RGBA16
	RGBA_F16=>RGBA16F
	RGBA_F16_CLAMPED=>RGBA16F
	RGBA_F32=>GLenum [0x0]
	ALPHA_8=>R8
	ALPHA_16=>R16
	ALPHA_F16=>R16F
	GRAY_8=>R8
	GRAY_ALPHA_88=>RG8
	ABGR_8888=>GLenum [0x0]
	ARGB_8888=>GLenum [0x0]
CompressionTypeToBackendFormat: [null, {mBackend=OpenGL, mFormat=ETC2}, {mBackend=OpenGL, mFormat=RGB8_BC1}, {mBackend=OpenGL, mFormat=RGBA8_BC1}]

[13:35:20] [Render thread/INFO]: UI manager initialized
[13:35:20] [Render thread/INFO]: Start scanning for gun packs in C:\Users\User\AppData\Roaming\ModrinthApp\profiles\Cybercraft2077\tacz
[13:35:20] [Render thread/INFO]: - Cyber Armorer-1.1.5_for114.zip, Main namespace: cyber_armorer
[13:35:20] [Render thread/INFO]: - tacz_default_gun, Main namespace: tacz
[13:35:20] [Render thread/INFO]: Found 2 possible gunpack(s) and added them to resource set.
[13:35:21] [Worker-Main-1/INFO]: Update available for 'fabric-api@0.92.8+1.20.1', (-> 0.92.9+1.20.1)
[13:35:21] [Render thread/INFO]: Preloaded modern text shaders
[13:35:21] [Render thread/INFO]: Reloading ResourceManager: tacz_resources, vanilla, fabric (axiom, cardinal-components-base, cardinal-components-entity, cloth-config, coins, fabric-api, fabric-api-base, fabric-api-lookup-api-v1, fabric-biome-api-v1, fabric-block-api-v1, fabric-block-view-api-v2, fabric-blockrenderlayer-v1, fabric-client-tags-api-v1, fabric-command-api-v1, fabric-command-api-v2, fabric-commands-v0, fabric-containers-v0, fabric-content-registries-v0, fabric-convention-tags-v1, fabric-crash-report-info-v1, fabric-data-attachment-api-v1, fabric-data-generation-api-v1, fabric-dimensions-v1, fabric-entity-events-v1, fabric-events-interaction-v0, fabric-events-lifecycle-v0, fabric-game-rule-api-v1, fabric-item-api-v1, fabric-item-group-api-v1, fabric-key-binding-api-v1, fabric-keybindings-v0, fabric-lifecycle-events-v1, fabric-loot-api-v2, fabric-loot-tables-v1, fabric-message-api-v1, fabric-mining-level-api-v1, fabric-model-loading-api-v1, fabric-models-v0, fabric-networking-api-v1, fabric-networking-v0, fabric-object-builder-api-v1, fabric-particles-v1, fabric-recipe-api-v1, fabric-registry-sync-v0, fabric-renderer-api-v1, fabric-renderer-indigo, fabric-renderer-registries-v1, fabric-rendering-data-attachment-v1, fabric-rendering-fluids-v1, fabric-rendering-v0, fabric-rendering-v1, fabric-resource-conditions-api-v1, fabric-resource-loader-v0, fabric-screen-api-v1, fabric-screen-handler-api-v1, fabric-sound-api-v1, fabric-transfer-api-v1, fabric-transitive-access-wideners-v1, fabricloader, flashback, forgeconfigapiport, lattice, modernui, modmenu, org_apache_commons_commons-math3, tacz)
[13:35:21] [Worker-Main-4/ERROR]: Invalid path in mod resource-pack modernui: modernui:font/muii18ncompat/OFL.txt, ignoring
[13:35:21] [Worker-Main-3/INFO]: Scanned emoji shortcodes: 6923
[13:35:21] [Worker-Main-1/INFO]: Scanned emoji map size: 3581
[13:35:22] [Render thread/INFO]: UI renderer initialized
[13:35:22] [Render thread/INFO]: Loaded smart SDF text shaders
[13:35:22] [Render thread/INFO]: Reloaded glyph manager
[13:35:22] [Worker-Main-4/INFO]: Loaded raw font 'minecraft:alt' in pack: 'vanilla'
[13:35:22] [Worker-Main-4/INFO]: Loaded raw font bundle: 'minecraft:font/alt.json', font set: [minecraft:include/space,minecraft:font/ascii_sga.png]
[13:35:22] [Worker-Main-4/INFO]: Loaded raw font 'minecraft:default' in pack: 'vanilla'
[13:35:22] [Worker-Main-4/INFO]: Loaded raw font bundle: 'minecraft:font/default.json', font set: [minecraft:include/space,minecraft:include/default]
[13:35:22] [Render thread/INFO]: Reloaded text layout engine, res level: 2 to 2, locale: en_US, layout RTL: false
[13:35:22] [Worker-Main-4/INFO]: Loaded raw font 'minecraft:illageralt' in pack: 'vanilla'
[13:35:22] [Worker-Main-4/INFO]: Loaded raw font bundle: 'minecraft:font/illageralt.json', font set: [minecraft:include/space,minecraft:font/asciillager.png]
[13:35:22] [Worker-Main-4/INFO]: Loaded raw font 'minecraft:include/default' in pack: 'vanilla'
[13:35:22] [Worker-Main-4/INFO]: Loaded raw font bundle: 'minecraft:font/include/default.json', font set: [minecraft:font/nonlatin_european.png,minecraft:font/accented.png,minecraft:font/ascii.png]
[13:35:22] [Worker-Main-4/INFO]: Loaded raw font 'minecraft:include/space' in pack: 'vanilla'
[13:35:22] [Worker-Main-4/INFO]: Loaded raw font bundle: 'minecraft:font/include/space.json', font set: [minecraft:include/space / minecraft:space]
[13:35:22] [Worker-Main-4/INFO]: Loaded font: 'minecraft:include/space', font set: [minecraft:include/space / minecraft:space]
[13:35:22] [Worker-Main-4/INFO]: Loaded font: 'minecraft:include/default', font set: [minecraft:font/nonlatin_european.png,minecraft:font/accented.png,minecraft:font/ascii.png]
[13:35:22] [Worker-Main-4/INFO]: Loaded font: 'minecraft:default', font set: [minecraft:include/space / minecraft:space,minecraft:font/nonlatin_european.png,minecraft:font/accented.png,minecraft:font/ascii.png]
[13:35:22] [Worker-Main-4/INFO]: Loaded font: 'minecraft:illageralt', font set: [minecraft:include/space / minecraft:space,minecraft:font/asciillager.png]
[13:35:22] [Worker-Main-4/INFO]: Loaded font: 'minecraft:alt', font set: [minecraft:include/space / minecraft:space,minecraft:font/ascii_sga.png]
[13:35:22] [UI thread/INFO]: UI thread initialized in 1934ms
[13:35:23] [Render thread/WARN]: Missing sound for event: minecraft:item.goat_horn.play
[13:35:23] [Render thread/WARN]: Missing sound for event: minecraft:entity.goat.screaming.horn_break
[13:35:23] [Render thread/INFO]: OpenAL initialized on device OpenAL Soft on Headphones (3- OpenMove by Shokz)
[13:35:23] [Render thread/INFO]: Sound engine started
[13:35:23] [Render thread/ERROR]: Invalid path in mod resource-pack modernui: modernui:font/muii18ncompat/OFL.txt, ignoring
[13:35:23] [ForkJoinPool.commonPool-worker-4/INFO]: Redirect registered font 'mui-i18n-compat' to 'modernui:mui-i18n-compat'
[13:35:23] [ForkJoinPool.commonPool-worker-1/INFO]: Redirect registered font 'Inter Frozen Medium' to 'modernui:inter-frozen-medium'
[13:35:23] [ForkJoinPool.commonPool-worker-4/INFO]: Registered font 'mui-i18n-compat', location 'modernui:font/muii18ncompat/muii18ncompat.ttf' in pack: 'fabric'
[13:35:23] [ForkJoinPool.commonPool-worker-1/INFO]: Registered font 'Inter Frozen Medium', location 'modernui:font/inter-frozen-medium-italic.otf' in pack: 'fabric'
[13:35:23] [ForkJoinPool.commonPool-worker-2/INFO]: Registered font 'Inter Frozen Medium', location 'modernui:font/inter-frozen-medium.otf' in pack: 'fabric'
[13:35:23] [ForkJoinPool.commonPool-worker-3/INFO]: Redirect registered font 'JetBrains Mono Medium' to 'modernui:jetbrains-mono-medium'
[13:35:23] [ForkJoinPool.commonPool-worker-3/INFO]: Registered font 'JetBrains Mono Medium', location 'modernui:font/jetbrains-mono-medium.ttf' in pack: 'fabric'
[13:35:23] [ForkJoinPool.commonPool-worker-5/INFO]: Redirect registered font 'Source Han Sans CN Medium' to 'modernui:source-han-sans-cn-medium'
[13:35:23] [ForkJoinPool.commonPool-worker-5/INFO]: Registered font 'Source Han Sans CN Medium', location 'modernui:font/source-han-sans-cn-medium.otf' in pack: 'fabric'
[13:35:23] [Render thread/INFO]: Font 'San Francisco' failed to load or invalid
[13:35:23] [Render thread/INFO]: Font 'Open Sans' failed to load or invalid
[13:35:23] [Render thread/INFO]: Font 'SimHei' failed to load or invalid
[13:35:23] [Render thread/INFO]: Font 'STHeiti' failed to load or invalid
[13:35:23] [Render thread/INFO]: Loaded typeface: FontCollection{mFamilies=[Google Noto Color Emoji, Inter Frozen Medium, Source Han Sans CN Medium, Noto Sans, Segoe UI Variable, Segoe UI, Segoe UI Symbol, mui-i18n-compat], mExclusiveEastAsianBits=null}
[13:35:23] [Render thread/INFO]: Reloaded glyph manager
[13:35:23] [Render thread/INFO]: Reloaded text layout engine, res level: 2 to 2, locale: en_US, layout RTL: false
[13:35:23] [Render thread/INFO]: Created: 1024x1024x4 minecraft:textures/atlas/blocks.png-atlas
[13:35:23] [Render thread/INFO]: Created: 256x256x4 minecraft:textures/atlas/signs.png-atlas
[13:35:23] [Render thread/INFO]: Created: 512x512x4 minecraft:textures/atlas/banner_patterns.png-atlas
[13:35:23] [Render thread/INFO]: Created: 512x512x4 minecraft:textures/atlas/shield_patterns.png-atlas
[13:35:23] [Render thread/INFO]: Created: 1024x1024x4 minecraft:textures/atlas/armor_trims.png-atlas
[13:35:23] [Render thread/INFO]: Created: 256x256x4 minecraft:textures/atlas/chest.png-atlas
[13:35:23] [Render thread/INFO]: Created: 128x64x4 minecraft:textures/atlas/decorated_pot.png-atlas
[13:35:23] [Render thread/INFO]: Created: 512x256x4 minecraft:textures/atlas/beds.png-atlas
[13:35:23] [Render thread/INFO]: Created: 512x256x4 minecraft:textures/atlas/shulker_boxes.png-atlas
[13:35:23] [Render thread/WARN]: Shader rendertype_entity_translucent_emissive could not find sampler named Sampler2 in the specified shader program.
[13:35:23] [Render thread/INFO]: Created: 256x256x0 minecraft:textures/atlas/particles.png-atlas
[13:35:23] [Render thread/INFO]: Created: 256x256x0 minecraft:textures/atlas/paintings.png-atlas
[13:35:23] [Render thread/INFO]: Created: 128x128x0 minecraft:textures/atlas/mob_effects.png-atlas
[13:35:24] [Render thread/INFO]: Loaded 0 particle definitions
[13:35:25] [Render thread/INFO]: Start scanning for gun packs in C:\Users\User\AppData\Roaming\ModrinthApp\profiles\Cybercraft2077\tacz
[13:35:25] [Render thread/INFO]: - Cyber Armorer-1.1.5_for114.zip, Main namespace: cyber_armorer
[13:35:25] [Render thread/INFO]: - tacz_default_gun, Main namespace: tacz
[13:35:25] [Render thread/INFO]: Found 2 possible gunpack(s) and added them to resource set.
[13:35:26] [Render thread/ERROR]: Parsing error loading recipe coins:nether_quartz_coin
com.google.gson.JsonSyntaxException: Unknown item 'minecraft:nether_quartz'
	at net.minecraft.class_1869.method_17878(class_1869.java:272) ~[client-intermediary.jar:?]
	at java.util.Optional.orElseThrow(Unknown Source) ~[?:?]
	at net.minecraft.class_1869.method_8155(class_1869.java:272) ~[client-intermediary.jar:?]
	at net.minecraft.class_1856.method_8107(class_1856.java:160) ~[client-intermediary.jar:?]
	at net.minecraft.class_1856.method_8102(class_1856.java:143) ~[client-intermediary.jar:?]
	at net.minecraft.class_1869.method_8157(class_1869.java:252) ~[client-intermediary.jar:?]
	at net.minecraft.class_1869$class_1870.method_8164(class_1869.java:285) ~[client-intermediary.jar:?]
	at net.minecraft.class_1869$class_1870.method_8121(class_1869.java:279) ~[client-intermediary.jar:?]
	at net.minecraft.class_1863.method_17720(class_1863.java:135) ~[client-intermediary.jar:?]
	at net.minecraft.class_1863.method_20705(class_1863.java:56) ~[client-intermediary.jar:?]
	at net.minecraft.class_1863.method_18788(class_1863.java:35) ~[client-intermediary.jar:?]
	at net.minecraft.class_4080.method_18790(class_4080.java:13) ~[client-intermediary.jar:?]
	at java.util.concurrent.CompletableFuture$UniAccept.tryFire(Unknown Source) ~[?:?]
	at java.util.concurrent.CompletableFuture$Completion.run(Unknown Source) ~[?:?]
	at net.minecraft.class_4014.method_18365(class_4014.java:69) ~[client-intermediary.jar:?]
	at net.minecraft.class_1255.method_18859(class_1255.java:156) ~[client-intermediary.jar:?]
	at net.minecraft.class_4093.method_18859(class_4093.java:23) ~[client-intermediary.jar:?]
	at net.minecraft.class_1255.method_16075(class_1255.java:130) ~[client-intermediary.jar:?]
	at net.minecraft.class_1255.method_18857(class_1255.java:139) ~[client-intermediary.jar:?]
	at net.minecraft.class_7196.method_45694(class_7196.java:188) ~[client-intermediary.jar:?]
	at net.minecraft.class_7196.method_41891(class_7196.java:123) ~[client-intermediary.jar:?]
	at net.minecraft.class_7196.method_41899(class_7196.java:202) ~[client-intermediary.jar:?]
	at net.minecraft.class_7196.method_41894(class_7196.java:64) ~[client-intermediary.jar:?]
	at net.minecraft.class_8496.method_51261(class_8496.java:62) ~[client-intermediary.jar:?]
	at net.minecraft.class_8496.method_51262(class_8496.java:46) ~[client-intermediary.jar:?]
	at java.util.concurrent.CompletableFuture$UniRun.tryFire(Unknown Source) ~[?:?]
	at java.util.concurrent.CompletableFuture$Completion.run(Unknown Source) ~[?:?]
	at net.minecraft.class_1255.method_18859(class_1255.java:156) ~[client-intermediary.jar:?]
	at net.minecraft.class_4093.method_18859(class_4093.java:23) ~[client-intermediary.jar:?]
	at net.minecraft.class_1255.method_16075(class_1255.java:130) ~[client-intermediary.jar:?]
	at net.minecraft.class_1255.method_5383(class_1255.java:115) ~[client-intermediary.jar:?]
	at net.minecraft.class_310.method_1523(class_310.java:1175) ~[client-intermediary.jar:?]
	at net.minecraft.class_310.method_1514(class_310.java:802) ~[client-intermediary.jar:?]
	at net.minecraft.client.main.Main.main(Main.java:250) ~[1.20.1-0.18.4.jar:?]
	at net.fabricmc.loader.impl.game.minecraft.MinecraftGameProvider.launch(MinecraftGameProvider.java:514) ~[fabric-loader-0.18.4.jar:?]
	at net.fabricmc.loader.impl.launch.knot.Knot.launch(Knot.java:72) ~[fabric-loader-0.18.4.jar:?]
	at net.fabricmc.loader.impl.launch.knot.KnotClient.main(KnotClient.java:23) ~[fabric-loader-0.18.4.jar:?]
	at jdk.internal.reflect.NativeMethodAccessorImpl.invoke0(Native Method) ~[?:?]
	at jdk.internal.reflect.NativeMethodAccessorImpl.invoke(Unknown Source) ~[?:?]
	at jdk.internal.reflect.DelegatingMethodAccessorImpl.invoke(Unknown Source) ~[?:?]
	at java.lang.reflect.Method.invoke(Unknown Source) ~[?:?]
	at com.modrinth.theseus.MinecraftLaunch.relaunch(MinecraftLaunch.java:63) ~[theseus.jar:?]
	at com.modrinth.theseus.MinecraftLaunch.main(MinecraftLaunch.java:28) ~[theseus.jar:?]
[13:35:27] [Render thread/INFO]: Loaded 8 recipes
[13:35:27] [Render thread/INFO]: Loaded 1271 advancements
[13:35:27] [Render thread/INFO]: Applied 0 biome modifications to 0 of 64 new biomes in 917.9 ?s
[13:35:27] [Server thread/INFO]: Starting integrated minecraft server version 1.20.1
[13:35:27] [Server thread/INFO]: Generating keypair
[13:35:27] [Server thread/INFO]: This code is injected into the start of MinecraftServer.loadWorld()V
[13:35:27] [Render thread/INFO]: Using DearImGui config: config\axiom\imgui.ini
[13:35:27] [Server thread/INFO]: Preparing start region for dimension minecraft:overworld
[13:35:28] [Render thread/INFO]: Preparing spawn area: 0%
[13:35:28] [Render thread/INFO]: Preparing spawn area: 0%
[13:35:29] [Render thread/INFO]: Preparing spawn area: 0%
[13:35:29] [Render thread/INFO]: Preparing spawn area: 0%
[13:35:29] [Render thread/INFO]: Preparing spawn area: 0%
[13:35:30] [Render thread/INFO]: Preparing spawn area: 1%
[13:35:30] [Render thread/INFO]: Preparing spawn area: 1%
[13:35:31] [Render thread/INFO]: Preparing spawn area: 19%
[13:35:31] [Render thread/INFO]: Time elapsed: 3971 ms
[13:35:32] [Server thread/INFO]: Changing view distance to 17, from 10
[13:35:32] [Server thread/INFO]: Changing simulation distance to 5, from 0
[13:35:32] [Server thread/INFO]: cccneon[local:E:26ac23ec] logged in with entity id 166 at (1695.9626469903087, 69.0, 293.79069554168194)
[13:35:32] [Server thread/INFO]: cccneon joined the game
[13:35:33] [Render thread/INFO]: Loaded 130 advancements
[13:35:33] [ForkJoinPool.commonPool-worker-5/INFO]: [STDERR]: java.net.SocketException: Permission denied: getsockopt
[13:35:33] [ForkJoinPool.commonPool-worker-5/INFO]: [STDERR]: 	at java.base/sun.nio.ch.Net.pollConnect(Native Method)
[13:35:33] [ForkJoinPool.commonPool-worker-5/INFO]: [STDERR]: 	at java.base/sun.nio.ch.Net.pollConnectNow(Unknown Source)
[13:35:33] [ForkJoinPool.commonPool-worker-5/INFO]: [STDERR]: 	at java.base/sun.nio.ch.NioSocketImpl.timedFinishConnect(Unknown Source)
[13:35:33] [ForkJoinPool.commonPool-worker-5/INFO]: [STDERR]: 	at java.base/sun.nio.ch.NioSocketImpl.connect(Unknown Source)
[13:35:33] [ForkJoinPool.commonPool-worker-5/INFO]: [STDERR]: 	at java.base/java.net.SocksSocketImpl.connect(Unknown Source)
[13:35:33] [ForkJoinPool.commonPool-worker-5/INFO]: [STDERR]: 	at java.base/java.net.Socket.connect(Unknown Source)
[13:35:33] [ForkJoinPool.commonPool-worker-5/INFO]: [STDERR]: 	at java.base/sun.security.ssl.SSLSocketImpl.connect(Unknown Source)
[13:35:33] [ForkJoinPool.commonPool-worker-5/INFO]: [STDERR]: 	at java.base/sun.net.NetworkClient.doConnect(Unknown Source)
[13:35:33] [ForkJoinPool.commonPool-worker-5/INFO]: [STDERR]: 	at java.base/sun.net.www.http.HttpClient.openServer(Unknown Source)
[13:35:33] [ForkJoinPool.commonPool-worker-5/INFO]: [STDERR]: 	at java.base/sun.net.www.http.HttpClient.openServer(Unknown Source)
[13:35:33] [ForkJoinPool.commonPool-worker-5/INFO]: [STDERR]: 	at java.base/sun.net.www.protocol.https.HttpsClient.<init>(Unknown Source)
[13:35:33] [ForkJoinPool.commonPool-worker-5/INFO]: [STDERR]: 	at java.base/sun.net.www.protocol.https.HttpsClient.New(Unknown Source)
[13:35:33] [ForkJoinPool.commonPool-worker-5/INFO]: [STDERR]: 	at java.base/sun.net.www.protocol.https.AbstractDelegateHttpsURLConnection.getNewHttpClient(Unknown Source)
[13:35:33] [ForkJoinPool.commonPool-worker-5/INFO]: [STDERR]: 	at java.base/sun.net.www.protocol.http.HttpURLConnection.plainConnect0(Unknown Source)
[13:35:33] [ForkJoinPool.commonPool-worker-5/INFO]: [STDERR]: 	at java.base/sun.net.www.protocol.http.HttpURLConnection.plainConnect(Unknown Source)
[13:35:33] [ForkJoinPool.commonPool-worker-5/INFO]: [STDERR]: 	at java.base/sun.net.www.protocol.https.AbstractDelegateHttpsURLConnection.connect(Unknown Source)
[13:35:33] [ForkJoinPool.commonPool-worker-5/INFO]: [STDERR]: 	at java.base/sun.net.www.protocol.http.HttpURLConnection.getInputStream0(Unknown Source)
[13:35:33] [ForkJoinPool.commonPool-worker-5/INFO]: [STDERR]: 	at java.base/sun.net.www.protocol.http.HttpURLConnection.getInputStream(Unknown Source)
[13:35:33] [ForkJoinPool.commonPool-worker-5/INFO]: [STDERR]: 	at java.base/sun.net.www.protocol.https.HttpsURLConnectionImpl.getInputStream(Unknown Source)
[13:35:33] [ForkJoinPool.commonPool-worker-5/INFO]: [STDERR]: 	at knot//com.moulberry.axi?m.utils.Authorization.lambda$getMeta$0(Authorization.java:62)
[13:35:33] [ForkJoinPool.commonPool-worker-5/INFO]: [STDERR]: 	at java.base/java.util.concurrent.ForkJoinTask$AdaptedRunnableAction.exec(Unknown Source)
[13:35:33] [ForkJoinPool.commonPool-worker-5/INFO]: [STDERR]: 	at java.base/java.util.concurrent.ForkJoinTask.doExec(Unknown Source)
[13:35:33] [ForkJoinPool.commonPool-worker-5/INFO]: [STDERR]: 	at java.base/java.util.concurrent.ForkJoinPool$WorkQueue.topLevelExec(Unknown Source)
[13:35:33] [ForkJoinPool.commonPool-worker-5/INFO]: [STDERR]: 	at java.base/java.util.concurrent.ForkJoinPool.scan(Unknown Source)
[13:35:33] [ForkJoinPool.commonPool-worker-5/INFO]: [STDERR]: 	at java.base/java.util.concurrent.ForkJoinPool.runWorker(Unknown Source)
[13:35:33] [ForkJoinPool.commonPool-worker-5/INFO]: [STDERR]: 	at java.base/java.util.concurrent.ForkJoinWorkerThread.run(Unknown Source)
[13:35:33] [Render thread/INFO]: [TACZ Zoom Debug] zoom=3.0, aimingProgress=0.0, fov=0.0
[13:35:33] [Render thread/INFO]: [System] [CHAT] [Axiom] Tip: Access the Axiom config by running /axiomconfig
[13:35:35] [Server thread/INFO]: Saving and pausing game...
[13:35:35] [Server thread/INFO]: Saving chunks for level 'ServerLevel[New World]'/minecraft:overworld
[13:35:36] [Server thread/INFO]: Saving chunks for level 'ServerLevel[New World]'/minecraft:the_end
[13:35:36] [Server thread/INFO]: Saving chunks for level 'ServerLevel[New World]'/minecraft:the_nether
[13:35:37] [Thread-26/INFO]: [Flashback] Saving tacz custom payload to replay: tacz:s2c_gun_shoot
[13:35:37] [Thread-26/INFO]: [Flashback] Saving tacz custom payload to replay: tacz:s2c_gun_shoot
[13:35:37] [Thread-26/INFO]: [Flashback] Saving tacz custom payload to replay: tacz:extra_entity_spawn_data
[13:35:37] [Thread-26/INFO]: [Flashback] Saving tacz custom payload to replay: tacz:s2c_update_entity_data
[13:35:37] [Thread-26/INFO]: [Flashback] Saving tacz custom payload to replay: tacz:s2c_update_entity_data
[13:35:37] [Thread-26/INFO]: [Flashback] Saving tacz custom payload to replay: tacz:s2c_update_entity_data
[13:35:37] [Netty Local Client IO #0/INFO]: [TACZ Replay] Received s2c_gun_aim: isAiming=true
[13:35:37] [Render thread/INFO]: [TACZ Replay] Updated clientIsAiming=true
[13:35:37] [Thread-26/INFO]: [Flashback] Saving tacz custom payload to replay: tacz:s2c_gun_aim
[13:35:37] [Thread-26/INFO]: [Flashback] Saving tacz custom payload to replay: tacz:s2c_update_entity_data
[13:35:37] [Thread-26/INFO]: [Flashback] Saving tacz custom payload to replay: tacz:s2c_update_entity_data
[13:35:37] [Thread-26/INFO]: [Flashback] Saving tacz custom payload to replay: tacz:s2c_update_entity_data
[13:35:37] [Thread-26/INFO]: [Flashback] Saving tacz custom payload to replay: tacz:s2c_update_entity_data
[13:35:38] [Thread-26/INFO]: [Flashback] Saving tacz custom payload to replay: tacz:s2c_gun_shoot
[13:35:38] [Thread-26/INFO]: [Flashback] Saving tacz custom payload to replay: tacz:s2c_gun_shoot
[13:35:38] [Thread-26/INFO]: [Flashback] Saving tacz custom payload to replay: tacz:extra_entity_spawn_data
[13:35:38] [Thread-26/INFO]: [Flashback] Saving tacz custom payload to replay: tacz:s2c_update_entity_data
[13:35:38] [Thread-26/INFO]: [Flashback] Saving tacz custom payload to replay: tacz:s2c_update_entity_data
[13:35:38] [Thread-26/INFO]: [Flashback] Saving tacz custom payload to replay: tacz:s2c_update_entity_data
[13:35:38] [Thread-26/INFO]: [Flashback] Saving tacz custom payload to replay: tacz:s2c_gun_shoot
[13:35:38] [Thread-26/INFO]: [Flashback] Saving tacz custom payload to replay: tacz:s2c_gun_shoot
[13:35:38] [Thread-26/INFO]: [Flashback] Saving tacz custom payload to replay: tacz:extra_entity_spawn_data
[13:35:38] [Thread-26/INFO]: [Flashback] Saving tacz custom payload to replay: tacz:s2c_update_entity_data
[13:35:38] [Thread-26/INFO]: [Flashback] Saving tacz custom payload to replay: tacz:s2c_update_entity_data
[13:35:38] [Thread-26/INFO]: [Flashback] Saving tacz custom payload to replay: tacz:s2c_update_entity_data
[13:35:39] [Netty Local Client IO #0/INFO]: [TACZ Replay] Received s2c_gun_aim: isAiming=false
[13:35:39] [Render thread/INFO]: [TACZ Replay] Updated clientIsAiming=false
[13:35:39] [Thread-26/INFO]: [Flashback] Saving tacz custom payload to replay: tacz:s2c_gun_aim
[13:35:39] [Thread-26/INFO]: [Flashback] Saving tacz custom payload to replay: tacz:s2c_update_entity_data
[13:35:39] [Thread-26/INFO]: [Flashback] Saving tacz custom payload to replay: tacz:s2c_update_entity_data
[13:35:39] [Thread-26/INFO]: [Flashback] Saving tacz custom payload to replay: tacz:s2c_update_entity_data
[13:35:39] [Thread-26/INFO]: [Flashback] Saving tacz custom payload to replay: tacz:s2c_update_entity_data
[13:35:39] [Thread-26/INFO]: [Flashback] Saving tacz custom payload to replay: tacz:s2c_update_entity_data
[13:35:39] [Thread-26/INFO]: [Flashback] Saving tacz custom payload to replay: tacz:s2c_update_entity_data
[13:35:39] [Netty Local Client IO #0/INFO]: [TACZ Replay] Received s2c_gun_aim: isAiming=true
[13:35:39] [Render thread/INFO]: [TACZ Replay] Updated clientIsAiming=true
[13:35:39] [Render thread/INFO]: [TACZ Zoom Debug] zoom=3.0, aimingProgress=0.09575967, fov=77.884735
[13:35:39] [Thread-26/INFO]: [Flashback] Saving tacz custom payload to replay: tacz:s2c_gun_aim
[13:35:39] [Thread-26/INFO]: [Flashback] Saving tacz custom payload to replay: tacz:s2c_update_entity_data
[13:35:39] [Thread-26/INFO]: [Flashback] Saving tacz custom payload to replay: tacz:s2c_update_entity_data
[13:35:39] [Thread-26/INFO]: [Flashback] Saving tacz custom payload to replay: tacz:s2c_update_entity_data
[13:35:39] [Thread-26/INFO]: [Flashback] Saving tacz custom payload to replay: tacz:s2c_update_entity_data
[13:35:40] [Thread-26/INFO]: [Flashback] Saving tacz custom payload to replay: tacz:s2c_update_entity_data
[13:35:40] [Netty Local Client IO #0/INFO]: [TACZ Replay] Received s2c_gun_aim: isAiming=false
[13:35:40] [Render thread/INFO]: [TACZ Replay] Updated clientIsAiming=false
[13:35:40] [Thread-26/INFO]: [Flashback] Saving tacz custom payload to replay: tacz:s2c_gun_aim
[13:35:40] [Thread-26/INFO]: [Flashback] Saving tacz custom payload to replay: tacz:s2c_update_entity_data
[13:35:40] [Thread-26/INFO]: [Flashback] Saving tacz custom payload to replay: tacz:s2c_update_entity_data
[13:35:40] [Thread-26/INFO]: [Flashback] Saving tacz custom payload to replay: tacz:s2c_update_entity_data
[13:35:40] [Thread-26/INFO]: [Flashback] Saving tacz custom payload to replay: tacz:s2c_update_entity_data
[13:35:40] [Thread-26/INFO]: [Flashback] Saving tacz custom payload to replay: tacz:s2c_update_entity_data
[13:35:40] [Thread-26/INFO]: [Flashback] Saving tacz custom payload to replay: tacz:s2c_update_entity_data
[13:35:40] [Server thread/INFO]: Saving and pausing game...
[13:35:40] [Server thread/INFO]: Saving chunks for level 'ServerLevel[New World]'/minecraft:overworld
[13:35:40] [Server thread/INFO]: Saving chunks for level 'ServerLevel[New World]'/minecraft:the_end
[13:35:40] [Server thread/INFO]: Saving chunks for level 'ServerLevel[New World]'/minecraft:the_nether
[13:35:41] [Server thread/INFO]: Saving and pausing game...
[13:35:41] [Server thread/INFO]: Saving chunks for level 'ServerLevel[New World]'/minecraft:overworld
[13:35:41] [Server thread/INFO]: Saving chunks for level 'ServerLevel[New World]'/minecraft:the_end
[13:35:41] [Server thread/INFO]: Saving chunks for level 'ServerLevel[New World]'/minecraft:the_nether
[13:35:42] [Render thread/INFO]: Exporting C:\Users\User\AppData\Roaming\ModrinthApp\profiles\Cybercraft2077\flashback\temp\recording\8eb6273f-2e14-44c9-877e-00c4563301a9 to C:\Users\User\AppData\Roaming\ModrinthApp\profiles\Cybercraft2077\flashback\replays\2026-06-11T13_35_41.zip
[13:35:42] [Render thread/INFO]: Trying to read metadata json C:\Users\User\AppData\Roaming\ModrinthApp\profiles\Cybercraft2077\flashback\temp\recording\8eb6273f-2e14-44c9-877e-00c4563301a9\metadata.json
[13:35:43] [Server thread/INFO]: Saving and pausing game...
[13:35:43] [Server thread/INFO]: Saving chunks for level 'ServerLevel[New World]'/minecraft:overworld
[13:35:43] [Server thread/INFO]: Saving chunks for level 'ServerLevel[New World]'/minecraft:the_end
[13:35:43] [Server thread/INFO]: Saving chunks for level 'ServerLevel[New World]'/minecraft:the_nether
[13:35:43] [Server thread/INFO]: cccneon lost connection: Disconnected
[13:35:43] [Server thread/INFO]: cccneon left the game
[13:35:43] [Server thread/INFO]: Stopping singleplayer server as player logged out
[13:35:43] [Server thread/INFO]: Stopping server
[13:35:43] [Server thread/INFO]: Saving players
[13:35:43] [Server thread/INFO]: Saving worlds
[13:35:44] [Server thread/INFO]: Saving chunks for level 'ServerLevel[New World]'/minecraft:overworld
[13:35:44] [Server thread/INFO]: Saving chunks for level 'ServerLevel[New World]'/minecraft:the_end
[13:35:44] [Server thread/INFO]: Saving chunks for level 'ServerLevel[New World]'/minecraft:the_nether
[13:35:44] [Server thread/INFO]: ThreadedAnvilChunkStorage (New World): All chunks are saved
[13:35:44] [Server thread/INFO]: ThreadedAnvilChunkStorage (DIM1): All chunks are saved
[13:35:44] [Server thread/INFO]: ThreadedAnvilChunkStorage (DIM-1): All chunks are saved
[13:35:44] [Server thread/INFO]: ThreadedAnvilChunkStorage: All dimensions are saved
[13:35:45] [Render thread/INFO]: Reloaded text layout engine, res level: 2 to 3, locale: en_US, layout RTL: false
[13:35:46] [Render thread/INFO]: Start scanning for gun packs in C:\Users\User\AppData\Roaming\ModrinthApp\profiles\Cybercraft2077\tacz
[13:35:46] [Render thread/INFO]: - Cyber Armorer-1.1.5_for114.zip, Main namespace: cyber_armorer
[13:35:46] [Render thread/INFO]: - tacz_default_gun, Main namespace: tacz
[13:35:46] [Render thread/INFO]: Found 2 possible gunpack(s) and added them to resource set.
[13:35:46] [Render thread/INFO]: Start scanning for gun packs in C:\Users\User\AppData\Roaming\ModrinthApp\profiles\Cybercraft2077\tacz
[13:35:46] [Render thread/INFO]: - Cyber Armorer-1.1.5_for114.zip, Main namespace: cyber_armorer
[13:35:46] [Render thread/INFO]: - tacz_default_gun, Main namespace: tacz
[13:35:46] [Render thread/INFO]: Found 2 possible gunpack(s) and added them to resource set.
[13:35:46] [Render thread/INFO]: Found new data pack fabric, loading it automatically
[13:35:46] [Render thread/INFO]: Found new data pack tacz_resources, loading it automatically
[13:35:46] [Render thread/INFO]: Found new data pack vanilla, loading it automatically
[13:35:46] [Render thread/ERROR]: Parsing error loading recipe coins:nether_quartz_coin
com.google.gson.JsonSyntaxException: Unknown item 'minecraft:nether_quartz'
	at net.minecraft.class_1869.method_17878(class_1869.java:272) ~[client-intermediary.jar:?]
	at java.util.Optional.orElseThrow(Unknown Source) ~[?:?]
	at net.minecraft.class_1869.method_8155(class_1869.java:272) ~[client-intermediary.jar:?]
	at net.minecraft.class_1856.method_8107(class_1856.java:160) ~[client-intermediary.jar:?]
	at net.minecraft.class_1856.method_8102(class_1856.java:143) ~[client-intermediary.jar:?]
	at net.minecraft.class_1869.method_8157(class_1869.java:252) ~[client-intermediary.jar:?]
	at net.minecraft.class_1869$class_1870.method_8164(class_1869.java:285) ~[client-intermediary.jar:?]
	at net.minecraft.class_1869$class_1870.method_8121(class_1869.java:279) ~[client-intermediary.jar:?]
	at net.minecraft.class_1863.method_17720(class_1863.java:135) ~[client-intermediary.jar:?]
	at net.minecraft.class_1863.method_20705(class_1863.java:56) ~[client-intermediary.jar:?]
	at net.minecraft.class_1863.method_18788(class_1863.java:35) ~[client-intermediary.jar:?]
	at net.minecraft.class_4080.method_18790(class_4080.java:13) ~[client-intermediary.jar:?]
	at java.util.concurrent.CompletableFuture$UniAccept.tryFire(Unknown Source) ~[?:?]
	at java.util.concurrent.CompletableFuture$Completion.run(Unknown Source) ~[?:?]
	at net.minecraft.class_4014.method_18365(class_4014.java:69) ~[client-intermediary.jar:?]
	at net.minecraft.class_156.method_43498(class_156.java:950) ~[client-intermediary.jar:?]
	at net.minecraft.class_156.method_43499(class_156.java:938) ~[client-intermediary.jar:?]
	at com.moulberry.flashback.Flashback.openReplayWorld(Flashback.java:800) ~[flashback-0.11.0.jar:?]
	at com.moulberry.flashback.screen.ReplaySelectionList$ReplayListEntry.openReplay(ReplaySelectionList.java:466) ~[flashback-0.11.0.jar:?]
	at com.moulberry.flashback.screen.ReplaySelectionList$ReplayListEntry.method_25402(ReplaySelectionList.java:451) ~[flashback-0.11.0.jar:?]
	at net.minecraft.class_350.method_25402(class_350.java:327) ~[client-intermediary.jar:?]
	at net.minecraft.class_4069.method_25402(class_4069.java:38) ~[client-intermediary.jar:?]
	at net.minecraft.class_312.method_1611(class_312.java:98) ~[client-intermediary.jar:?]
	at net.minecraft.class_437.method_25412(class_437.java:409) ~[client-intermediary.jar:?]
	at net.minecraft.class_312.method_1601(class_312.java:98) ~[client-intermediary.jar:?]
	at net.minecraft.class_312.method_22686(class_312.java:169) ~[client-intermediary.jar:?]
	at net.minecraft.class_1255.execute(class_1255.java:102) ~[client-intermediary.jar:?]
	at net.minecraft.class_312.method_22684(class_312.java:169) ~[client-intermediary.jar:?]
	at org.lwjgl.glfw.GLFWMouseButtonCallback$Container.invoke(GLFWMouseButtonCallback.java:81) ~[lwjgl-glfw-3.3.1.jar:?]
	at com.moulberry.flashback.editor.ui.CustomImGuiImplGlfw.mouseButtonCallback(CustomImGuiImplGlfw.java:233) ~[flashback-0.11.0.jar:?]
	at org.lwjgl.glfw.GLFWMouseButtonCallback$Container.invoke(GLFWMouseButtonCallback.java:81) ~[lwjgl-glfw-3.3.1.jar:?]
	at com.moulberry.axiom.editor.CustomImGuiImplGlfw.mouseButtonCallback(CustomImGuiImplGlfw.java:219) ~[Axiom-5.4.2-for-MC1.20.1.jar:?]
	at org.lwjgl.glfw.GLFWMouseButtonCallbackI.callback(GLFWMouseButtonCallbackI.java:43) ~[lwjgl-glfw-3.3.1.jar:?]
	at org.lwjgl.system.JNI.invokeV(Native Method) ~[lwjgl-3.3.1.jar:?]
	at org.lwjgl.glfw.GLFW.glfwWaitEventsTimeout(GLFW.java:3474) ~[lwjgl-glfw-3.3.1.jar:?]
	at com.mojang.blaze3d.systems.RenderSystem.limitDisplayFPS(RenderSystem.java:237) ~[client-intermediary.jar:?]
	at net.minecraft.class_310.method_1523(class_310.java:1244) ~[client-intermediary.jar:?]
	at net.minecraft.class_310.method_1514(class_310.java:802) ~[client-intermediary.jar:?]
	at net.minecraft.client.main.Main.main(Main.java:250) ~[1.20.1-0.18.4.jar:?]
	at net.fabricmc.loader.impl.game.minecraft.MinecraftGameProvider.launch(MinecraftGameProvider.java:514) ~[fabric-loader-0.18.4.jar:?]
	at net.fabricmc.loader.impl.launch.knot.Knot.launch(Knot.java:72) ~[fabric-loader-0.18.4.jar:?]
	at net.fabricmc.loader.impl.launch.knot.KnotClient.main(KnotClient.java:23) ~[fabric-loader-0.18.4.jar:?]
	at jdk.internal.reflect.NativeMethodAccessorImpl.invoke0(Native Method) ~[?:?]
	at jdk.internal.reflect.NativeMethodAccessorImpl.invoke(Unknown Source) ~[?:?]
	at jdk.internal.reflect.DelegatingMethodAccessorImpl.invoke(Unknown Source) ~[?:?]
	at java.lang.reflect.Method.invoke(Unknown Source) ~[?:?]
	at com.modrinth.theseus.MinecraftLaunch.relaunch(MinecraftLaunch.java:63) ~[theseus.jar:?]
	at com.modrinth.theseus.MinecraftLaunch.main(MinecraftLaunch.java:28) ~[theseus.jar:?]
[13:35:46] [Render thread/INFO]: Loaded 8 recipes
[13:35:46] [Render thread/INFO]: Loaded 1271 advancements
[13:35:47] [Server thread/INFO]: Starting integrated minecraft server version 1.20.1
[13:35:47] [Server thread/INFO]: Generating keypair
[13:35:47] [Server thread/INFO]: This code is injected into the start of MinecraftServer.loadWorld()V
[13:35:47] [Server thread/INFO]: Preparing start region for dimension minecraft:overworld
[13:35:47] [Render thread/INFO]: Preparing spawn area: 22%
[13:35:48] [Render thread/INFO]: Time elapsed: 412 ms
[13:35:48] [Server thread/INFO]: Loaded /level_chunk_caches/0 with 1133 entries
[13:35:49] [Server thread/INFO]: Changing view distance to 17, from 0
[13:35:49] [Server thread/INFO]: Changing simulation distance to 5, from 0
[13:35:49] [Render thread/INFO]: Loaded 2 advancements
[13:35:49] [Render thread/INFO]: [System] [CHAT] [Axiom] Tip: Access the Axiom config by running /axiomconfig
[13:35:49] [Worker-Main-7/ERROR]: Signature is missing from Property textures
[13:35:50] [Render thread/INFO]: [System] [CHAT] Now spectating cccneon
[13:35:52] [Server thread/INFO]: [Flashback] Replaying CustomPayload: tacz:s2c_gun_shoot (id=23)
[13:35:52] [Server thread/INFO]: [Flashback] Replaying CustomPayload: tacz:s2c_gun_shoot (id=23)
[13:35:52] [Server thread/INFO]: [Flashback] Replaying CustomPayload: tacz:extra_entity_spawn_data (id=23)
[13:35:52] [Server thread/INFO]: [Flashback] Replaying CustomPayload: tacz:s2c_update_entity_data (id=23)
[13:35:52] [Server thread/INFO]: [Flashback] Replaying CustomPayload: tacz:s2c_update_entity_data (id=23)
[13:35:52] [Server thread/INFO]: [Flashback] Replaying CustomPayload: tacz:s2c_update_entity_data (id=23)
[13:35:52] [Server thread/INFO]: [Flashback] Replaying CustomPayload: tacz:s2c_gun_aim (id=23)
[13:35:52] [Server thread/INFO]: TaczEventInjector: aim state set to true
[13:35:52] [Netty Local Client IO #1/INFO]: [TACZ Replay] Received s2c_gun_aim: isAiming=true
[13:35:52] [Render thread/INFO]: [TACZ Replay] Updated clientIsAiming=true
[13:35:52] [Server thread/INFO]: [Flashback] Replaying CustomPayload: tacz:s2c_update_entity_data (id=23)
[13:35:52] [Server thread/INFO]: [Flashback] Replaying CustomPayload: tacz:s2c_update_entity_data (id=23)
[13:35:52] [Server thread/INFO]: [Flashback] Replaying CustomPayload: tacz:s2c_update_entity_data (id=23)
[13:35:52] [Server thread/INFO]: [Flashback] Replaying CustomPayload: tacz:s2c_update_entity_data (id=23)
[13:35:53] [Server thread/INFO]: [Flashback] Replaying CustomPayload: tacz:s2c_gun_shoot (id=23)
[13:35:53] [Server thread/INFO]: [Flashback] Replaying CustomPayload: tacz:s2c_gun_shoot (id=23)
[13:35:53] [Server thread/INFO]: [Flashback] Replaying CustomPayload: tacz:extra_entity_spawn_data (id=23)
[13:35:53] [Server thread/INFO]: [Flashback] Replaying CustomPayload: tacz:s2c_update_entity_data (id=23)
[13:35:53] [Server thread/INFO]: [Flashback] Replaying CustomPayload: tacz:s2c_update_entity_data (id=23)
[13:35:53] [Server thread/INFO]: [Flashback] Replaying CustomPayload: tacz:s2c_update_entity_data (id=23)
[13:35:53] [Server thread/INFO]: [Flashback] Replaying CustomPayload: tacz:s2c_gun_shoot (id=23)
[13:35:53] [Server thread/INFO]: [Flashback] Replaying CustomPayload: tacz:s2c_gun_shoot (id=23)
[13:35:53] [Server thread/INFO]: [Flashback] Replaying CustomPayload: tacz:extra_entity_spawn_data (id=23)
[13:35:54] [Server thread/INFO]: [Flashback] Replaying CustomPayload: tacz:s2c_update_entity_data (id=23)
[13:35:54] [Server thread/INFO]: [Flashback] Replaying CustomPayload: tacz:s2c_update_entity_data (id=23)
[13:35:54] [Server thread/INFO]: [Flashback] Replaying CustomPayload: tacz:s2c_update_entity_data (id=23)
[13:35:58] [Server thread/INFO]: [Flashback] Replaying CustomPayload: tacz:s2c_gun_aim (id=23)
[13:35:58] [Server thread/INFO]: TaczEventInjector: aim state set to false
[13:35:58] [Netty Local Client IO #1/INFO]: [TACZ Replay] Received s2c_gun_aim: isAiming=false
[13:35:58] [Server thread/INFO]: [Flashback] Replaying CustomPayload: tacz:s2c_update_entity_data (id=23)
[13:35:58] [Render thread/INFO]: [TACZ Replay] Updated clientIsAiming=false
[13:35:58] [Server thread/INFO]: [Flashback] Replaying CustomPayload: tacz:s2c_update_entity_data (id=23)
[13:35:59] [Server thread/INFO]: [Flashback] Replaying CustomPayload: tacz:s2c_update_entity_data (id=23)
[13:35:59] [Server thread/INFO]: [Flashback] Replaying CustomPayload: tacz:s2c_update_entity_data (id=23)
[13:35:59] [Server thread/INFO]: [Flashback] Replaying CustomPayload: tacz:s2c_update_entity_data (id=23)
[13:35:59] [Server thread/INFO]: [Flashback] Replaying CustomPayload: tacz:s2c_update_entity_data (id=23)
[13:35:59] [Server thread/INFO]: [Flashback] Replaying CustomPayload: tacz:s2c_gun_aim (id=23)
[13:35:59] [Server thread/INFO]: TaczEventInjector: aim state set to true
[13:35:59] [Netty Local Client IO #1/INFO]: [TACZ Replay] Received s2c_gun_aim: isAiming=true
[13:35:59] [Server thread/INFO]: [Flashback] Replaying CustomPayload: tacz:s2c_update_entity_data (id=23)
[13:35:59] [Render thread/INFO]: [TACZ Replay] Updated clientIsAiming=true
[13:35:59] [Server thread/INFO]: [Flashback] Replaying CustomPayload: tacz:s2c_update_entity_data (id=23)
[13:35:59] [Server thread/INFO]: [Flashback] Replaying CustomPayload: tacz:s2c_update_entity_data (id=23)
[13:35:59] [Server thread/INFO]: [Flashback] Replaying CustomPayload: tacz:s2c_update_entity_data (id=23)
[13:35:59] [Server thread/INFO]: [Flashback] Replaying CustomPayload: tacz:s2c_update_entity_data (id=23)
[13:35:59] [Server thread/INFO]: [Flashback] Replaying CustomPayload: tacz:s2c_gun_aim (id=23)
[13:35:59] [Server thread/INFO]: TaczEventInjector: aim state set to false
[13:35:59] [Netty Local Client IO #1/INFO]: [TACZ Replay] Received s2c_gun_aim: isAiming=false
[13:35:59] [Render thread/INFO]: [TACZ Replay] Updated clientIsAiming=false
[13:35:59] [Server thread/INFO]: [Flashback] Replaying CustomPayload: tacz:s2c_update_entity_data (id=23)
[13:35:59] [Server thread/INFO]: [Flashback] Replaying CustomPayload: tacz:s2c_update_entity_data (id=23)
[13:36:00] [Server thread/INFO]: [Flashback] Replaying CustomPayload: tacz:s2c_update_entity_data (id=23)
[13:36:00] [Server thread/INFO]: [Flashback] Replaying CustomPayload: tacz:s2c_update_entity_data (id=23)
[13:36:00] [Server thread/INFO]: [Flashback] Replaying CustomPayload: tacz:s2c_update_entity_data (id=23)
[13:36:00] [Server thread/INFO]: [Flashback] Replaying CustomPayload: tacz:s2c_update_entity_data (id=23)
[13:36:02] [Server thread/INFO]: [Flashback] Replaying CustomPayload: tacz:s2c_gun_shoot (id=23)
[13:36:02] [Server thread/INFO]: [Flashback] Replaying CustomPayload: tacz:s2c_gun_shoot (id=23)
[13:36:02] [Server thread/INFO]: [Flashback] Replaying CustomPayload: tacz:extra_entity_spawn_data (id=23)
[13:36:02] [Server thread/INFO]: [Flashback] Replaying CustomPayload: tacz:s2c_update_entity_data (id=23)
[13:36:02] [Server thread/INFO]: [Flashback] Replaying CustomPayload: tacz:s2c_update_entity_data (id=23)
[13:36:02] [Server thread/INFO]: [Flashback] Replaying CustomPayload: tacz:s2c_update_entity_data (id=23)
[13:36:02] [Server thread/INFO]: [Flashback] Replaying CustomPayload: tacz:s2c_gun_aim (id=23)
[13:36:02] [Server thread/INFO]: TaczEventInjector: aim state set to true
[13:36:02] [Netty Local Client IO #1/INFO]: [TACZ Replay] Received s2c_gun_aim: isAiming=true
[13:36:02] [Render thread/INFO]: [TACZ Replay] Updated clientIsAiming=true
[13:36:02] [Server thread/INFO]: [Flashback] Replaying CustomPayload: tacz:s2c_update_entity_data (id=23)
[13:36:02] [Server thread/INFO]: [Flashback] Replaying CustomPayload: tacz:s2c_update_entity_data (id=23)
[13:36:02] [Server thread/INFO]: [Flashback] Replaying CustomPayload: tacz:s2c_update_entity_data (id=23)
[13:36:02] [Server thread/INFO]: [Flashback] Replaying CustomPayload: tacz:s2c_update_entity_data (id=23)
[13:36:03] [Server thread/INFO]: [Flashback] Replaying CustomPayload: tacz:s2c_gun_shoot (id=23)
[13:36:03] [Server thread/INFO]: [Flashback] Replaying CustomPayload: tacz:s2c_gun_shoot (id=23)
[13:36:03] [Server thread/INFO]: [Flashback] Replaying CustomPayload: tacz:extra_entity_spawn_data (id=23)
[13:36:03] [Server thread/INFO]: [Flashback] Replaying CustomPayload: tacz:s2c_update_entity_data (id=23)
[13:36:03] [Server thread/INFO]: [Flashback] Replaying CustomPayload: tacz:s2c_update_entity_data (id=23)
[13:36:03] [Server thread/INFO]: [Flashback] Replaying CustomPayload: tacz:s2c_update_entity_data (id=23)
[13:36:03] [Server thread/INFO]: [Flashback] Replaying CustomPayload: tacz:s2c_gun_shoot (id=23)
[13:36:03] [Server thread/INFO]: [Flashback] Replaying CustomPayload: tacz:s2c_gun_shoot (id=23)
[13:36:03] [Server thread/INFO]: [Flashback] Replaying CustomPayload: tacz:extra_entity_spawn_data (id=23)
[13:36:03] [Server thread/INFO]: [Flashback] Replaying CustomPayload: tacz:s2c_update_entity_data (id=23)
[13:36:03] [Server thread/INFO]: [Flashback] Replaying CustomPayload: tacz:s2c_update_entity_data (id=23)
[13:36:04] [Server thread/INFO]: [Flashback] Replaying CustomPayload: tacz:s2c_update_entity_data (id=23)
[13:36:04] [Server thread/INFO]: [Flashback] Replaying CustomPayload: tacz:s2c_gun_aim (id=23)
[13:36:04] [Server thread/INFO]: TaczEventInjector: aim state set to false
[13:36:04] [Netty Local Client IO #1/INFO]: [TACZ Replay] Received s2c_gun_aim: isAiming=false
[13:36:04] [Server thread/INFO]: [Flashback] Replaying CustomPayload: tacz:s2c_update_entity_data (id=23)
[13:36:04] [Render thread/INFO]: [TACZ Replay] Updated clientIsAiming=false
[13:36:04] [Server thread/INFO]: [Flashback] Replaying CustomPayload: tacz:s2c_update_entity_data (id=23)
[13:36:04] [Server thread/INFO]: [Flashback] Replaying CustomPayload: tacz:s2c_update_entity_data (id=23)
[13:36:04] [Server thread/INFO]: [Flashback] Replaying CustomPayload: tacz:s2c_update_entity_data (id=23)
[13:36:04] [Server thread/INFO]: [Flashback] Replaying CustomPayload: tacz:s2c_update_entity_data (id=23)
[13:36:04] [Server thread/INFO]: [Flashback] Replaying CustomPayload: tacz:s2c_update_entity_data (id=23)
[13:36:04] [Server thread/INFO]: [Flashback] Replaying CustomPayload: tacz:s2c_gun_aim (id=23)
[13:36:04] [Server thread/INFO]: TaczEventInjector: aim state set to true
[13:36:04] [Netty Local Client IO #1/INFO]: [TACZ Replay] Received s2c_gun_aim: isAiming=true
[13:36:04] [Server thread/INFO]: [Flashback] Replaying CustomPayload: tacz:s2c_update_entity_data (id=23)
[13:36:04] [Render thread/INFO]: [TACZ Replay] Updated clientIsAiming=true
[13:36:04] [Server thread/INFO]: [Flashback] Replaying CustomPayload: tacz:s2c_update_entity_data (id=23)
[13:36:05] [Server thread/INFO]: [Flashback] Replaying CustomPayload: tacz:s2c_update_entity_data (id=23)
[13:36:05] [Server thread/INFO]: [Flashback] Replaying CustomPayload: tacz:s2c_update_entity_data (id=23)
[13:36:05] [Server thread/INFO]: [Flashback] Replaying CustomPayload: tacz:s2c_update_entity_data (id=23)
[13:36:05] [Server thread/INFO]: [Flashback] Replaying CustomPayload: tacz:s2c_gun_aim (id=23)
[13:36:05] [Server thread/INFO]: TaczEventInjector: aim state set to false
[13:36:05] [Netty Local Client IO #1/INFO]: [TACZ Replay] Received s2c_gun_aim: isAiming=false
[13:36:05] [Render thread/INFO]: [TACZ Replay] Updated clientIsAiming=false
[13:36:05] [Server thread/INFO]: [Flashback] Replaying CustomPayload: tacz:s2c_update_entity_data (id=23)
[13:36:05] [Server thread/INFO]: [Flashback] Replaying CustomPayload: tacz:s2c_update_entity_data (id=23)
[13:36:11] [Server thread/INFO]: [Flashback] Replaying CustomPayload: tacz:s2c_gun_shoot (id=23)
[13:36:11] [Server thread/INFO]: [Flashback] Replaying CustomPayload: tacz:s2c_gun_shoot (id=23)
[13:36:11] [Server thread/INFO]: [Flashback] Replaying CustomPayload: tacz:extra_entity_spawn_data (id=23)
[13:36:11] [Server thread/INFO]: [Flashback] Replaying CustomPayload: tacz:s2c_update_entity_data (id=23)
[13:36:11] [Server thread/INFO]: [Flashback] Replaying CustomPayload: tacz:s2c_update_entity_data (id=23)
[13:36:11] [Server thread/INFO]: [Flashback] Replaying CustomPayload: tacz:s2c_update_entity_data (id=23)
[13:36:11] [Server thread/INFO]: [Flashback] Replaying CustomPayload: tacz:s2c_gun_aim (id=23)
[13:36:11] [Server thread/INFO]: TaczEventInjector: aim state set to true
[13:36:11] [Netty Local Client IO #1/INFO]: [TACZ Replay] Received s2c_gun_aim: isAiming=true
[13:36:11] [Render thread/INFO]: [TACZ Replay] Updated clientIsAiming=true
[13:36:11] [Server thread/INFO]: [Flashback] Replaying CustomPayload: tacz:s2c_update_entity_data (id=23)
[13:36:11] [Server thread/INFO]: [Flashback] Replaying CustomPayload: tacz:s2c_update_entity_data (id=23)
[13:36:11] [Server thread/INFO]: [Flashback] Replaying CustomPayload: tacz:s2c_update_entity_data (id=23)
[13:36:11] [Server thread/INFO]: [Flashback] Replaying CustomPayload: tacz:s2c_update_entity_data (id=23)
[13:36:12] [Server thread/INFO]: [Flashback] Replaying CustomPayload: tacz:s2c_gun_shoot (id=23)
[13:36:12] [Server thread/INFO]: [Flashback] Replaying CustomPayload: tacz:s2c_gun_shoot (id=23)
[13:36:12] [Server thread/INFO]: [Flashback] Replaying CustomPayload: tacz:extra_entity_spawn_data (id=23)
[13:36:12] [Server thread/INFO]: [Flashback] Replaying CustomPayload: tacz:s2c_update_entity_data (id=23)
[13:36:12] [Server thread/INFO]: [Flashback] Replaying CustomPayload: tacz:s2c_update_entity_data (id=23)
[13:36:12] [Server thread/INFO]: [Flashback] Replaying CustomPayload: tacz:s2c_update_entity_data (id=23)
[13:36:12] [Server thread/INFO]: [Flashback] Replaying CustomPayload: tacz:s2c_gun_shoot (id=23)
[13:36:12] [Server thread/INFO]: [Flashback] Replaying CustomPayload: tacz:s2c_gun_shoot (id=23)
[13:36:12] [Server thread/INFO]: [Flashback] Replaying CustomPayload: tacz:extra_entity_spawn_data (id=23)
[13:36:12] [Server thread/INFO]: [Flashback] Replaying CustomPayload: tacz:s2c_update_entity_data (id=23)
[13:36:12] [Server thread/INFO]: [Flashback] Replaying CustomPayload: tacz:s2c_update_entity_data (id=23)
[13:36:12] [Server thread/INFO]: [Flashback] Replaying CustomPayload: tacz:s2c_update_entity_data (id=23)
[13:36:13] [Server thread/INFO]: [Flashback] Replaying CustomPayload: tacz:s2c_gun_aim (id=23)
[13:36:13] [Server thread/INFO]: TaczEventInjector: aim state set to false
[13:36:13] [Server thread/INFO]: [Flashback] Replaying CustomPayload: tacz:s2c_update_entity_data (id=23)
[13:36:13] [Netty Local Client IO #1/INFO]: [TACZ Replay] Received s2c_gun_aim: isAiming=false
[13:36:13] [Render thread/INFO]: [TACZ Replay] Updated clientIsAiming=false
[13:36:13] [Server thread/INFO]: [Flashback] Replaying CustomPayload: tacz:s2c_update_entity_data (id=23)
[13:36:13] [Server thread/INFO]: [Flashback] Replaying CustomPayload: tacz:s2c_update_entity_data (id=23)
[13:36:13] [Server thread/INFO]: [Flashback] Replaying CustomPayload: tacz:s2c_update_entity_data (id=23)
[13:36:13] [Server thread/INFO]: [Flashback] Replaying CustomPayload: tacz:s2c_update_entity_data (id=23)
[13:36:13] [Server thread/INFO]: [Flashback] Replaying CustomPayload: tacz:s2c_update_entity_data (id=23)
[13:36:13] [Server thread/INFO]: [Flashback] Replaying CustomPayload: tacz:s2c_gun_aim (id=23)
[13:36:13] [Server thread/INFO]: TaczEventInjector: aim state set to true
[13:36:13] [Server thread/INFO]: [Flashback] Replaying CustomPayload: tacz:s2c_update_entity_data (id=23)
[13:36:13] [Netty Local Client IO #1/INFO]: [TACZ Replay] Received s2c_gun_aim: isAiming=true
[13:36:13] [Render thread/INFO]: [TACZ Replay] Updated clientIsAiming=true
[13:36:13] [Server thread/INFO]: [Flashback] Replaying CustomPayload: tacz:s2c_update_entity_data (id=23)
[13:36:13] [Server thread/INFO]: [Flashback] Replaying CustomPayload: tacz:s2c_update_entity_data (id=23)
[13:36:14] [Server thread/INFO]: [Flashback] Replaying CustomPayload: tacz:s2c_update_entity_data (id=23)
[13:36:14] [Server thread/INFO]: [Flashback] Replaying CustomPayload: tacz:s2c_update_entity_data (id=23)
[13:36:14] [Server thread/INFO]: [Flashback] Replaying CustomPayload: tacz:s2c_gun_aim (id=23)
[13:36:14] [Server thread/INFO]: TaczEventInjector: aim state set to false
[13:36:14] [Netty Local Client IO #1/INFO]: [TACZ Replay] Received s2c_gun_aim: isAiming=false
[13:36:14] [Render thread/INFO]: [TACZ Replay] Updated clientIsAiming=false
[13:36:14] [Server thread/INFO]: [Flashback] Replaying CustomPayload: tacz:s2c_update_entity_data (id=23)
[13:36:14] [Server thread/INFO]: [Flashback] Replaying CustomPayload: tacz:s2c_update_entity_data (id=23)
[13:36:14] [Server thread/INFO]: [Flashback] Replaying CustomPayload: tacz:s2c_update_entity_data (id=23)
[13:36:14] [Server thread/INFO]: [Flashback] Replaying CustomPayload: tacz:s2c_update_entity_data (id=23)
[13:36:14] [Server thread/INFO]: [Flashback] Replaying CustomPayload: tacz:s2c_update_entity_data (id=23)
[13:36:14] [Server thread/INFO]: [Flashback] Replaying CustomPayload: tacz:s2c_update_entity_data (id=23)
[13:36:18] [Server thread/INFO]: [Flashback] Replaying CustomPayload: tacz:s2c_gun_shoot (id=23)
[13:36:18] [Server thread/INFO]: [Flashback] Replaying CustomPayload: tacz:s2c_gun_shoot (id=23)
[13:36:18] [Server thread/INFO]: [Flashback] Replaying CustomPayload: tacz:extra_entity_spawn_data (id=23)
[13:36:18] [Server thread/INFO]: [Flashback] Replaying CustomPayload: tacz:s2c_update_entity_data (id=23)
[13:36:18] [Server thread/INFO]: [Flashback] Replaying CustomPayload: tacz:s2c_update_entity_data (id=23)
[13:36:18] [Server thread/INFO]: [Flashback] Replaying CustomPayload: tacz:s2c_update_entity_data (id=23)
[13:36:19] [Server thread/INFO]: [Flashback] Replaying CustomPayload: tacz:s2c_gun_aim (id=23)
[13:36:19] [Server thread/INFO]: TaczEventInjector: aim state set to true
[13:36:19] [Netty Local Client IO #1/INFO]: [TACZ Replay] Received s2c_gun_aim: isAiming=true
[13:36:19] [Render thread/INFO]: [TACZ Replay] Updated clientIsAiming=true
[13:36:19] [Server thread/INFO]: [Flashback] Replaying CustomPayload: tacz:s2c_update_entity_data (id=23)
[13:36:19] [Server thread/INFO]: [Flashback] Replaying CustomPayload: tacz:s2c_update_entity_data (id=23)
[13:36:19] [Server thread/INFO]: [Flashback] Replaying CustomPayload: tacz:s2c_update_entity_data (id=23)
[13:36:19] [Server thread/INFO]: [Flashback] Replaying CustomPayload: tacz:s2c_update_entity_data (id=23)
[13:36:20] [Server thread/INFO]: [Flashback] Replaying CustomPayload: tacz:s2c_gun_shoot (id=23)
[13:36:20] [Server thread/INFO]: [Flashback] Replaying CustomPayload: tacz:s2c_gun_shoot (id=23)
[13:36:20] [Server thread/INFO]: [Flashback] Replaying CustomPayload: tacz:extra_entity_spawn_data (id=23)
[13:36:20] [Server thread/INFO]: [Flashback] Replaying CustomPayload: tacz:s2c_update_entity_data (id=23)
[13:36:20] [Server thread/INFO]: [Flashback] Replaying CustomPayload: tacz:s2c_update_entity_data (id=23)
